ZodError
undefined
[
  {
    code: 'too_small',
    minimum: 2,
    type: 'string',
    inclusive: true,
    exact: false,
    message: 'Name must be at least two characters',
    path: [ 'name' ]
  },
  {
    validation: 'email',
    code: 'invalid_string',
    message: 'Invalid email address',
    path: [ 'email' ]
  },
  {
    code: 'too_small',
    minimum: 6,
    type: 'string',
    inclusive: true,
    exact: false,
    message: 'Password must be at least six characters',
    path: [ 'password' ]
  },
  {
    code: 'too_small',
    minimum: 6,
    type: 'string',
    inclusive: true,
    exact: false,
    message: 'Password must be at least six characters',
    path: [ 'confirmPassword' ]
  }
]
undefined
 POST /sign-up 200 in 45ms
ZodError
undefined
[
  {
    code: 'custom',
    message: "Passwords don't match!",
    path: [ 'confirmPassword' ]
  }
]
undefined



PrismaClientKnownRequestError
P2002
undefined
[ 'email' ]